edges
| UnsafeReflection.java:11:28:11:60 | getParameter(...) : String | UnsafeReflection.java:15:29:15:62 | ...[...] |
| UnsafeReflection.java:23:28:23:60 | getParameter(...) : String | UnsafeReflection.java:29:13:29:41 | ...[...] |
nodes
| UnsafeReflection.java:11:28:11:60 | getParameter(...) : String | semmle.label | getParameter(...) : String |
| UnsafeReflection.java:15:29:15:62 | ...[...] | semmle.label | ...[...] |
| UnsafeReflection.java:23:28:23:60 | getParameter(...) : String | semmle.label | getParameter(...) : String |
| UnsafeReflection.java:29:13:29:41 | ...[...] | semmle.label | ...[...] |
#select
| UnsafeReflection.java:15:29:15:62 | ...[...] | UnsafeReflection.java:11:28:11:60 | getParameter(...) : String | UnsafeReflection.java:15:29:15:62 | ...[...] | Unsafe reflection of $@. | UnsafeReflection.java:11:28:11:60 | getParameter(...) | user input |
| UnsafeReflection.java:29:13:29:41 | ...[...] | UnsafeReflection.java:23:28:23:60 | getParameter(...) : String | UnsafeReflection.java:29:13:29:41 | ...[...] | Unsafe reflection of $@. | UnsafeReflection.java:23:28:23:60 | getParameter(...) | user input |
